[H[J[1;1H[    0.000000] Linux version 4.15.0-1018-azure (buildd@lgw01-amd64-021) (gcc version 5.4.0 20160609 (Ubuntu 5.4.0-6ubuntu1~16.04.10)) #18~16.04.1-Ubuntu SMP Thu Jul 19 13:13:57 UTC 2018 (Ubuntu 4.15.0-1018.18~16.04.1-azure 4.15.18)
[    0.000000] Command line: BOOT_IMAGE=/boot/vmlinuz-4.15.0-1018-azure root=UUID=cdf895f5-190c-422a-b9a5-e8ba4cfad807 ro console=tty1 console=ttyS0 earlyprintk=ttyS0 rootdelay=300
[    0.000000] KERNEL supported cpus:
[    0.000000]   Intel GenuineIntel
[    0.000000]   AMD AuthenticAMD
[    0.000000]   Centaur CentaurHauls
[    0.000000] x86/fpu: Supporting XSAVE feature 0x001: 'x87 floating point registers'
[    0.000000] x86/fpu: Supporting XSAVE feature 0x002: 'SSE registers'
[    0.000000] x86/fpu: Supporting XSAVE feature 0x004: 'AVX registers'
[    0.000000] x86/fpu: xstate_offset[2]:  576, xstate_sizes[2]:  256
[    0.000000] x86/fpu: Enabled xstate features 0x7, context size is 832 bytes, using 'standard' format.
[    0.000000] e820: BIOS-provided physical RAM map:
[    0.000000] BIOS-e820: [mem 0x0000000000000000-0x000000000009fbff] usable
[    0.000000] BIOS-e820: [mem 0x000000000009fc00-0x000000000009ffff] reserved
[    0.000000] BIOS-e820: [mem 0x00000000000e0000-0x00000000000fffff] reserved
[    0.000000] BIOS-e820: [mem 0x0000000000100000-0x000000001ffeffff] usable
[    0.000000] BIOS-e820: [mem 0x000000001fff0000-0x000000001fffefff] ACPI data
[    0.000000] BIOS-e820: [mem 0x000000001ffff000-0x000000001fffffff] ACPI NVS
[    0.000000] BIOS-e820: [mem 0x0000000100000000-0x000000011fffffff] usable
[    0.000000] bootconsole [earlyser0] enabled
[    0.000000] NX (Execute Disable) protection: active
[    0.000000] SMBIOS 2.3 present.
[    0.000000] DMI: Microsoft Corporation Virtual Machine/Virtual Machine, BIOS 090007  06/02/2017
[    0.000000] Hypervisor detected: Microsoft Hyper-V
[    0.000000] Hyper-V: features 0x2e7f, hints 0xc2c
[    0.000000] Hyper-V Host Build:14393-10.0-0-0.274
[    0.000000] Hyper-V: LAPIC Timer Frequency: 0xc3500
[    0.000000] tsc: Marking TSC unstable due to running on Hyper-V
[    0.000000] Hyper-V: Using ext hypercall for remote TLB flush
[    0.000000] e820: last_pfn = 0x120000 max_arch_pfn = 0x400000000
[    0.000000] x86/PAT: Configuration [0-7]: WB  WC  UC- UC  WB  WP  UC- WT  
Memory KASLR using RDRAND RDTSC...
[    0.000000] e820: last_pfn = 0x1fff0 max_arch_pfn = 0x400000000
[    0.000000] found SMP MP-table at [mem 0x000ff780-0x000ff78f] mapped at [        (ptrval)]
[    0.000000] Scanning 1 areas for low memory corruption
[    0.000000] Using GB pages for direct mapping
[    0.000000] RAMDISK: [mem 0x1e610000-0x1f68dfff]
[    0.000000] ACPI: Early table checksum verification disabled
[    0.000000] ACPI: RSDP 0x00000000000F5BF0 000014 (v00 ACPIAM)
[    0.000000] ACPI: RSDT 0x000000001FFF0000 000040 (v01 VRTUAL MICROSFT 06001702 MSFT 00000097)
[    0.000000] ACPI: FACP 0x000000001FFF0200 000081 (v02 VRTUAL MICROSFT 06001702 MSFT 00000097)
[    0.000000] ACPI: DSDT 0x000000001FFF1D24 003CBE (v01 MSFTVM MSFTVM02 00000002 INTL 02002026)
[    0.000000] ACPI: FACS 0x000000001FFFF000 000040
[    0.000000] ACPI: WAET 0x000000001FFF1A80 000028 (v01 VRTUAL MICROSFT 06001702 MSFT 00000097)
[    0.000000] ACPI: SLIC 0x000000001FFF1AC0 000176 (v01 VRTUAL MICROSFT 06001702 MSFT 00000097)
[    0.000000] ACPI: OEM0 0x000000001FFF1CC0 000064 (v01 VRTUAL MICROSFT 06001702 MSFT 00000097)
[    0.000000] ACPI: SRAT 0x000000001FFF0800 000130 (v02 VRTUAL MICROSFT 00000001 MSFT 00000001)
[    0.000000] ACPI: APIC 0x000000001FFF0300 000452 (v01 VRTUAL MICROSFT 06001702 MSFT 00000097)
[    0.000000] ACPI: OEMB 0x000000001FFFF040 000064 (v01 VRTUAL MICROSFT 06001702 MSFT 00000097)
[    0.000000] SRAT: PXM 0 -> APIC 0x00 -> Node 0
[    0.000000] ACPI: SRAT: Node 0 PXM 0 [mem 0x00000000-0x1fffffff] hotplug
[    0.000000] ACPI: SRAT: Node 0 PXM 0 [mem 0x100000000-0x11fffffff] hotplug
[    0.000000] ACPI: SRAT: Node 0 PXM 0 [mem 0x120200000-0xfdfffffff] hotplug
[    0.000000] ACPI: SRAT: Node 0 PXM 0 [mem 0x1000000000-0xffffffffff] hotplug
[    0.000000] ACPI: SRAT: Node 0 PXM 0 [mem 0x10000200000-0x1ffffffffff] hotplug
[    0.000000] ACPI: SRAT: Node 0 PXM 0 [mem 0x20000200000-0x3ffffffffff] hotplug
[    0.000000] NUMA: Node 0 [mem 0x00000000-0x1fffffff] + [mem 0x100000000-0x11fffffff] -> [mem 0x00000000-0x11fffffff]
[    0.000000] NODE_DATA(0) allocated [mem 0x11ffd5000-0x11fffffff]
[    0.000000] Zone ranges:
[    0.000000]   DMA      [mem 0x0000000000001000-0x0000000000ffffff]
[    0.000000]   DMA32    [mem 0x0000000001000000-0x00000000ffffffff]
[    0.000000]   Normal   [mem 0x0000000100000000-0x000000011fffffff]
[    0.000000]   Device   empty
[    0.000000] Movable zone start for each node
[    0.000000] Early memory node ranges
[    0.000000]   node   0: [mem 0x0000000000001000-0x000000000009efff]
[    0.000000]   node   0: [mem 0x0000000000100000-0x000000001ffeffff]
[    0.000000]   node   0: [mem 0x0000000100000000-0x000000011fffffff]
[    0.000000] Initmem setup node 0 [mem 0x0000000000001000-0x000000011fffffff]
[    0.000000] Reserved but unavailable: 98 pages
[    0.000000] ACPI: PM-Timer IO Port: 0x408
[    0.000000] ACPI: LAPIC_NMI (acpi_id[0xff] dfl dfl lint[0x1])
[    0.000000] IOAPIC[0]: apic_id 0, version 17, address 0xfec00000, GSI 0-23
[    0.000000] ACPI: INT_SRC_OVR (bus 0 bus_irq 0 global_irq 2 dfl dfl)
[    0.000000] ACPI: INT_SRC_OVR (bus 0 bus_irq 9 global_irq 9 high level)
[    0.000000] Using ACPI (MADT) for SMP configuration information
[    0.000000] smpboot: Allowing 1 CPUs, 0 hotplug CPUs
[    0.000000] e820: [mem 0x20000000-0xffffffff] available for PCI devices
[    0.000000] Booting paravirtualized kernel on bare hardware
[    0.000000] clocksource: refined-jiffies: mask: 0xffffffff max_cycles: 0xffffffff, max_idle_ns: 7645519600211568 ns
[    0.000000] random: get_random_bytes called from start_kernel+0x99/0x51b with crng_init=0
[    0.000000] setup_percpu: NR_CPUS:8192 nr_cpumask_bits:1 nr_cpu_ids:1 nr_node_ids:1
[    0.000000] percpu: Embedded 45 pages/cpu @        (ptrval) s147456 r8192 d28672 u2097152
[    0.000000] Built 1 zonelists, mobility grouping on.  Total pages: 257913
[    0.000000] Policy zone: Normal
[    0.000000] Kernel command line: BOOT_IMAGE=/boot/vmlinuz-4.15.0-1018-azure root=UUID=cdf895f5-190c-422a-b9a5-e8ba4cfad807 ro console=tty1 console=ttyS0 earlyprintk=ttyS0 rootdelay=300
[    0.000000] Memory: 922896K/1048120K available (12300K kernel code, 2283K rwdata, 3972K rodata, 2248K init, 2372K bss, 125224K reserved, 0K cma-reserved)
[    0.000000] SLUB: HWalign=64, Order=0-3, MinObjects=0, CPUs=1, Nodes=1
[    0.000000] Kernel/User page tables isolation: enabled
[    0.000000] ftrace: allocating 37806 entries in 148 pages
[    0.000000] Hierarchical RCU implementation.
[    0.000000] 	RCU restricting CPUs from NR_CPUS=8192 to nr_cpu_ids=1.
[    0.000000] 	Tasks RCU enabled.
[    0.000000] RCU: Adjusting geometry for rcu_fanout_leaf=16, nr_cpu_ids=1
[    0.000000] NR_IRQS: 524544, nr_irqs: 256, preallocated irqs: 16
[    0.000000] Console: colour VGA+ 80x25
[    0.000000] console [tty1] enabled
[    0.000000] console [ttyS0] enabled
[    0.000000] console [ttyS0] enabled
[    0.000000] bootconsole [earlyser0] disabled
[    0.000000] bootconsole [earlyser0] disabled
[    0.000000] ACPI: Core revision 20170831
[    0.000000] ACPI: 1 ACPI AML tables successfully acquired and loaded
[    0.000000] APIC: Switch to symmetric I/O mode setup
[    0.004000] clocksource: hyperv_clocksource_tsc_page: mask: 0xffffffffffffffff max_cycles: 0x24e6a1710, max_idle_ns: 440795202120 ns
[    0.036000] ..TIMER: vector=0x30 apic1=0 pin1=2 apic2=-1 pin2=-1
[    0.040000] tsc: Detected 2294.685 MHz processor
[    0.044000] Calibrating delay loop (skipped), value calculated using timer frequency.. 4589.37 BogoMIPS (lpj=9178740)
[    0.048003] pid_max: default: 32768 minimum: 301
[    0.052039] Security Framework initialized
[    0.056003] Yama: becoming mindful.
[    0.060031] AppArmor: AppArmor initialized
[    0.064265] Dentry cache hash table entries: 131072 (order: 8, 1048576 bytes)
[    0.068121] Inode-cache hash table entries: 65536 (order: 7, 524288 bytes)
[    0.072017] Mount-cache hash table entries: 2048 (order: 2, 16384 bytes)
[    0.076008] Mountpoint-cache hash table entries: 2048 (order: 2, 16384 bytes)
[    0.080232] CPU: Physical Processor ID: 0
[    0.084093] mce: CPU supports 1 MCE banks
[    0.088148] Last level iTLB entries: 4KB 64, 2MB 8, 4MB 8
[    0.092003] Last level dTLB entries: 4KB 64, 2MB 0, 4MB 0, 1GB 4
[    0.096004] Spectre V2 : Mitigation: Full generic retpoline
[    0.100003] Speculative Store Bypass: Vulnerable
[    0.168189] Freeing SMP alternatives memory: 36K
[    0.184547] smpboot: CPU0: Intel(R) Xeon(R) CPU E5-2673 v4 @ 2.30GHz (family: 0x6, model: 0x4f, stepping: 0x1)
[    0.188128] Performance Events: unsupported p6 CPU model 79 no PMU driver, software events only.
[    0.192047] Hierarchical SRCU implementation.
[    0.196562] NMI watchdog: Perf event create on CPU 0 failed with -2
[    0.200008] NMI watchdog: Perf NMI watchdog permanently disabled
[    0.204075] smp: Bringing up secondary CPUs ...
[    0.208005] smp: Brought up 1 node, 1 CPU
[    0.212008] smpboot: Max logical packages: 1
[    0.216004] smpboot: Total of 1 processors activated (4589.37 BogoMIPS)
[    0.220209] devtmpfs: initialized
[    0.224062] x86/mm: Memory block size: 128MB
[    0.228228] evm: security.selinux
[    0.232009] evm: security.SMACK64
[    0.236003] evm: security.SMACK64EXEC
[    0.240021] evm: security.SMACK64TRANSMUTE
[    0.244008] evm: security.SMACK64MMAP
[    0.248002] evm: security.apparmor
[    0.252003] evm: security.ima
[    0.256003] evm: security.capability
[    0.260153] clocksource: jiffies: mask: 0xffffffff max_cycles: 0xffffffff, max_idle_ns: 7645041785100000 ns
[    0.264049] futex hash table entries: 256 (order: 2, 16384 bytes)
[    0.268067] pinctrl core: initialized pinctrl subsystem
[    0.272276] NET: Registered protocol family 16
[    0.276097] audit: initializing netlink subsys (disabled)
[    0.280153] cpuidle: using governor ladder
[    0.284007] audit: type=2000 audit(1533458647.280:1): state=initialized audit_enabled=0 res=1
[    0.288012] cpuidle: using governor menu
[    0.292058] ACPI: bus type PCI registered
[    0.296003] acpiphp: ACPI Hot Plug PCI Controller Driver version: 0.5
[    0.300472] PCI: Using configuration type 1 for base access
[    0.308300] HugeTLB registered 1.00 GiB page size, pre-allocated 0 pages
[    0.312011] HugeTLB registered 2.00 MiB page size, pre-allocated 0 pages
[    0.316269] ACPI: Added _OSI(Module Device)
[    0.320013] ACPI: Added _OSI(Processor Device)
[    0.324003] ACPI: Added _OSI(3.0 _SCP Extensions)
[    0.328006] ACPI: Added _OSI(Processor Aggregator Device)
[    0.332027] ACPI: Added _OSI(Linux-Dell-Video)
[    0.343159] ACPI: Interpreter enabled
[    0.344012] ACPI: (supports S0 S5)
[    0.348003] ACPI: Using IOAPIC for interrupt routing
[    0.352059] PCI: Using host bridge windows from ACPI; if necessary, use "pci=nocrs" and report a bug
[    0.356206] ACPI: Enabled 1 GPEs in block 00 to 0F
[    0.385880] ACPI: PCI Root Bridge [PCI0] (domain 0000 [bus 00-ff])
[    0.388022] acpi PNP0A03:00: _OSC: OS supports [ASPM ClockPM Segments MSI]
[    0.392014] acpi PNP0A03:00: _OSC failed (AE_NOT_FOUND); disabling ASPM
[    0.396016] acpi PNP0A03:00: fail to add MMCONFIG information, can't access extended PCI configuration space under this bridge.
[    0.400181] PCI host bridge to bus 0000:00
[    0.404010] pci_bus 0000:00: root bus resource [mem 0xfe0000000-0xfffffffff window]
[    0.408006] pci_bus 0000:00: root bus resource [io  0x0000-0x0cf7 window]
[    0.412009] pci_bus 0000:00: root bus resource [io  0x0d00-0xffff window]
[    0.416004] pci_bus 0000:00: root bus resource [mem 0x000a0000-0x000bffff window]
[    0.420007] pci_bus 0000:00: root bus resource [mem 0x20000000-0xfffbffff window]
[    0.424005] pci_bus 0000:00: root bus resource [bus 00-ff]
[    0.439389] pci 0000:00:07.1: legacy IDE quirk: reg 0x10: [io  0x01f0-0x01f7]
[    0.440008] pci 0000:00:07.1: legacy IDE quirk: reg 0x14: [io  0x03f6]
[    0.444004] pci 0000:00:07.1: legacy IDE quirk: reg 0x18: [io  0x0170-0x0177]
[    0.448012] pci 0000:00:07.1: legacy IDE quirk: reg 0x1c: [io  0x0376]
[    0.457017] * Found PM-Timer Bug on the chipset. Due to workarounds for a bug,
[    0.457017] * this clock source is slow. Consider trying other clock sources
[    0.466544] pci 0000:00:07.3: quirk: [io  0x0400-0x043f] claimed by PIIX4 ACPI
[    0.492689] ACPI: PCI Interrupt Link [LNKA] (IRQs 3 4 5 7 9 10 *11 12 14 15)
[    0.496302] ACPI: PCI Interrupt Link [LNKB] (IRQs 3 4 5 7 9 10 11 12 14 15) *0, disabled.
[    0.500305] ACPI: PCI Interrupt Link [LNKC] (IRQs 3 4 5 7 9 10 11 12 14 15) *0, disabled.
[    0.504243] ACPI: PCI Interrupt Link [LNKD] (IRQs 3 4 5 7 9 10 11 12 14 15) *0, disabled.
[    0.512075] SCSI subsystem initialized
[    0.516126] pci 0000:00:08.0: vgaarb: setting as boot VGA device
[    0.520000] pci 0000:00:08.0: vgaarb: VGA device added: decodes=io+mem,owns=io+mem,locks=none
[    0.520011] pci 0000:00:08.0: vgaarb: bridge control possible
[    0.524006] vgaarb: loaded
[    0.528055] pps_core: LinuxPPS API ver. 1 registered
[    0.532003] pps_core: Software ver. 5.3.6 - Copyright 2005-2007 Rodolfo Giometti <giometti@linux.it>
[    0.536013] PTP clock support registered
[    0.540060] EDAC MC: Ver: 3.0.0
[    0.544834] hv_vmbus: Vmbus version:4.0
[    0.548064] PCI: Using ACPI for IRQ routing
[    0.552644] NetLabel: Initializing
[    0.556005] NetLabel:  domain hash size = 128
[    0.560003] NetLabel:  protocols = UNLABELED CIPSOv4 CALIPSO
[    0.564028] NetLabel:  unlabeled traffic allowed by default
[    0.568196] clocksource: Switched to clocksource hyperv_clocksource_tsc_page
[    0.607622] VFS: Disk quotas dquot_6.6.0
[    0.626103] VFS: Dquot-cache hash table entries: 512 (order 0, 4096 bytes)
[    0.654326] AppArmor: AppArmor Filesystem Enabled
[    0.674828] pnp: PnP ACPI init
[    0.692149] system 00:06: [io  0x01e0-0x01ef] has been reserved
[    0.717040] system 00:06: [io  0x0160-0x016f] has been reserved
[    0.742207] system 00:06: [io  0x0278-0x027f] has been reserved
[    0.768428] system 00:06: [io  0x0378-0x037f] has been reserved
[    0.793726] system 00:06: [io  0x0678-0x067f] has been reserved
[    0.818059] system 00:06: [io  0x0778-0x077f] has been reserved
[    0.842634] system 00:06: [io  0x04d0-0x04d1] has been reserved
[    0.867528] system 00:07: [io  0x0400-0x043f] has been reserved
[    0.892151] system 00:07: [io  0x0370-0x0371] has been reserved
[    0.916671] system 00:07: [io  0x0440-0x044f] has been reserved
[    0.940260] system 00:07: [mem 0xfec00000-0xfec00fff] could not be reserved
[    0.969487] system 00:07: [mem 0xfee00000-0xfee00fff] has been reserved
[    0.998110] system 00:08: [mem 0x00000000-0x0009ffff] could not be reserved
[    1.026642] system 00:08: [mem 0x000c0000-0x000dffff] could not be reserved
[    1.055686] system 00:08: [mem 0x000e0000-0x000fffff] could not be reserved
[    1.084402] system 00:08: [mem 0x00100000-0x1fffffff] could not be reserved
[    1.114066] system 00:08: [mem 0xfffc0000-0xffffffff] has been reserved
[    1.143844] pnp: PnP ACPI: found 9 devices
[    1.167744] clocksource: acpi_pm: mask: 0xffffff max_cycles: 0xffffff, max_idle_ns: 2085701024 ns
[    1.207454] NET: Registered protocol family 2
[    1.225908] TCP established hash table entries: 8192 (order: 4, 65536 bytes)
[    1.256821] TCP bind hash table entries: 8192 (order: 5, 131072 bytes)
[    1.287703] TCP: Hash tables configured (established 8192 bind 8192)
[    1.334018] UDP hash table entries: 512 (order: 2, 16384 bytes)
[    1.371860] UDP-Lite hash table entries: 512 (order: 2, 16384 bytes)
[    1.405118] NET: Registered protocol family 1
[    1.430707] pci 0000:00:00.0: Limiting direct PCI/PCI transfers
[    1.462443] pci 0000:00:08.0: Video device with shadowed ROM at [mem 0x000c0000-0x000dffff]
[    1.507628] Unpacking initramfs...
[    1.780149] Freeing initrd memory: 16888K
[    1.802860] PCI-DMA: Using software bounce buffering for IO (SWIOTLB)
[    1.839216] software IO TLB [mem 0x1a610000-0x1e610000] (64MB) mapped at [        (ptrval)-        (ptrval)]
[    1.895332] clocksource: tsc: mask: 0xffffffffffffffff max_cycles: 0x21139843abd, max_idle_ns: 440795210670 ns
[    1.950485] Scanning for low memory corruption every 60 seconds
[    1.983880] Initialise system trusted keyrings
[    2.009362] Key type blacklist registered
[    2.030617] workingset: timestamp_bits=36 max_order=18 bucket_order=0
[    2.066128] zbud: loaded
[    2.081252] squashfs: version 4.0 (2009/01/31) Phillip Lougher
[    2.114643] fuse init (API version 7.26)
[    2.137983] Key type asymmetric registered
[    2.161701] Asymmetric key parser 'x509' registered
[    2.189936] Block layer SCSI generic (bsg) driver version 0.4 loaded (major 244)
[    2.231908] io scheduler noop registered (default)
[    2.259315] random: fast init done
[    2.279197] input: Power Button as /devices/LNXSYSTM:00/LNXPWRBN:00/input/input0
[    2.321363] ACPI: Power Button [PWRF]
[    2.340208] Serial: 8250/16550 driver, 32 ports, IRQ sharing enabled
[    2.442073] 00:03: ttyS0 at I/O 0x3f8 (irq = 4, base_baud = 115200) is a 16550A
[    2.550885] 00:04: ttyS1 at I/O 0x2f8 (irq = 3, base_baud = 115200) is a 16550A
[    2.584881] Linux agpgart interface v0.103
[    2.604243] loop: module loaded
[    2.618647] hv_vmbus: registering driver hv_storvsc
[    2.642108] scsi host0: storvsc_host_t
[    2.662816] scsi 0:0:0:0: Direct-Access     Msft     Virtual Disk     1.0  PQ: 0 ANSI: 5
[    2.703311] scsi host1: storvsc_host_t
[    2.726614] scsi 1:0:1:0: Direct-Access     Msft     Virtual Disk     1.0  PQ: 0 ANSI: 5
[    2.770738] scsi host2: storvsc_host_t
[    2.801599] scsi host3: storvsc_host_t
[    2.829672] sd 0:0:0:0: Attached scsi generic sg0 type 0
[    2.858785] sd 1:0:1:0: Attached scsi generic sg1 type 0
[    2.884231] ata_piix 0000:00:07.1: Hyper-V Virtual Machine detected, ATA device ignore set
[    2.923160] sd 0:0:0:0: [sda] 62914560 512-byte logical blocks: (32.2 GB/30.0 GiB)
[    2.955787] sd 0:0:0:0: [sda] 4096-byte physical blocks
[    2.978932] sd 1:0:1:0: [sdb] 8388608 512-byte logical blocks: (4.29 GB/4.00 GiB)
[    3.010517] sd 1:0:1:0: [sdb] 4096-byte physical blocks
[    3.036323] scsi host4: ata_piix
[    3.051143] scsi host5: ata_piix
[    3.065387] ata1: PATA max UDMA/33 cmd 0x1f0 ctl 0x3f6 bmdma 0xffa0 irq 14
[    3.095013] ata2: PATA max UDMA/33 cmd 0x170 ctl 0x376 bmdma 0xffa8 irq 15
[    3.126799] sd 1:0:1:0: [sdb] Write Protect is off
[    3.147992] sd 0:0:0:0: [sda] Write Protect is off
[    3.170535] libphy: Fixed MDIO Bus: probed
[    3.232088] tun: Universal TUN/TAP device driver, 1.6
[    3.258132] sd 1:0:1:0: [sdb] Write cache: disabled, read cache: enabled, supports DPO and FUA
[    3.460590] sd 0:0:0:0: [sda] Write cache: enabled, read cache: enabled, supports DPO and FUA
[    3.545639] PPP generic driver version 2.4.2
[    3.572846] i8042: PNP: PS/2 Controller [PNP0303:PS2K,PNP0f03:PS2M] at 0x60,0x64 irq 1,12
[    3.624428] serio: i8042 KBD port at 0x60,0x64 irq 1
[    3.651423] serio: i8042 AUX port at 0x60,0x64 irq 12
[    3.681325]  sda: sda1
[    3.696857]  sdb: sdb1
[    3.789066] mousedev: PS/2 mouse device common for all mice
[    3.824356] rtc_cmos 00:00: RTC can wake from S4
[    3.877222] input: AT Translated Set 2 keyboard as /devices/platform/i8042/serio0/input/input1
[    3.924144] ata2.00: ATAPI: Virtual CD, , max MWDMA2
[    3.950525] sd 0:0:0:0: [sda] Attached SCSI disk
[    3.972125] sd 1:0:1:0: [sdb] Attached SCSI disk
[    3.993408] rtc_cmos 00:00: rtc core: registered rtc_cmos as rtc0
[    4.021913] ata2.00: configured for MWDMA2
[    4.040921] rtc_cmos 00:00: alarms up to one month, 114 bytes nvram
[    4.067672] scsi 5:0:0:0: CD-ROM            Msft     Virtual CD/ROM   1.0  PQ: 0 ANSI: 5
[    4.101669] device-mapper: uevent: version 1.0.3
[    4.135096] sr 5:0:0:0: [sr0] scsi3-mmc drive: 0x/0x tray
[    4.158782] cdrom: Uniform CD-ROM driver Revision: 3.20
[    4.182934] device-mapper: ioctl: 4.37.0-ioctl (2017-09-20) initialised: dm-devel@redhat.com
[    4.220985] sr 5:0:0:0: Attached scsi generic sg2 type 5
[    4.245246] NET: Registered protocol family 10
[    4.267429] Segment Routing with IPv6
[    4.287117] NET: Registered protocol family 17
[    4.307023] Key type dns_resolver registered
[    4.326998] RAS: Correctable Errors collector initialized.
[    4.354372] registered taskstats version 1
[    4.373040] Loading compiled-in X.509 certificates
[    4.400939] Loaded X.509 cert 'Build time autogenerated kernel key: aff4079af16f4619e3b7b2cd46b8d3777d9de144'
[    4.441034] zswap: loaded using pool lzo/zbud
[    4.463341] Key type big_key registered
[    4.480880] Key type trusted registered
[    4.499075] Key type encrypted registered
[    4.517911] AppArmor: AppArmor sha1 policy hashing enabled
[    4.542654] ima: No TPM chip found, activating TPM-bypass! (rc=-19)
[    4.570329] evm: HMAC attrs: 0x1
[    4.585409] rtc_cmos 00:00: setting system clock to 2018-08-05 08:44:14 UTC (1533458654)
[    4.625500] BIOS EDD facility v0.16 2004-Jun-25, 0 devices found
[    4.662816] EDD information not available.
[    4.690727] Freeing unused kernel memory: 2248K
[    4.720022] Write protecting the kernel read-only data: 18432k
[    4.751930] Freeing unused kernel memory: 2008K
[    4.779332] Freeing unused kernel memory: 124K
[    4.814174] x86/mm: Checked W+X mappings: passed, no W+X pages found.
[    4.853628] x86/mm: Checking user space page tables
[    4.880190] x86/mm: Checked W+X mappings: passed, no W+X pages found.
Loading, please wait...
starting version 229
[    4.940375] random: udevadm: uninitialized urandom read (16 bytes read)
[    4.972111] random: systemd-udevd: uninitialized urandom read (16 bytes read)
[    5.004284] random: systemd-udevd: uninitialized urandom read (16 bytes read)
[    5.034794] random: udevadm: uninitialized urandom read (16 bytes read)
[    5.063835] random: systemd-udevd: uninitialized urandom read (16 bytes read)
[    5.099684] random: udevadm: uninitialized urandom read (16 bytes read)
[    5.128306] random: systemd-udevd: uninitialized urandom read (16 bytes read)
[    5.157585] random: udevadm: uninitialized urandom read (16 bytes read)
[    5.186172] random: systemd-udevd: uninitialized urandom read (16 bytes read)
[    5.217835] random: udevadm: uninitialized urandom read (16 bytes read)
[    5.334651] hv_vmbus: registering driver hv_netvsc
[    5.363301] hv_utils: Registering HyperV Utility Driver
[    5.394251] hv_vmbus: registering driver hv_util
[    5.429128] hv_vmbus: registering driver hyperv_fb
[    5.458295] hidraw: raw HID events driver (C) Jiri Kosina
[    5.492781] hv_vmbus: registering driver hyperv_keyboard
[    5.572990] hv_vmbus: registering driver hid_hyperv
[    5.610282] hyperv_fb: Screen resolution: 1152x864, Color depth: 32
[    5.663045] Console: switching to colour frame buffer device 144x54
[    5.702317] input: AT Translated Set 2 keyboard as /devices/LNXSYSTM:00/LNXSYBUS:00/PNP0A03:00/device:07/VMBUS:01/d34b2567-b9b6-42b9-8778-0a4ec0b955bf/serio2/input/input3
[    5.784311] hv_utils: Heartbeat IC version 3.0
[    5.843091] AVX2 version of gcm_enc/dec engaged.
[    5.869007] AES CTR mode by8 optimization enabled
[    5.911668] input: Microsoft Vmbus HID-compliant Mouse as /devices/0006:045E:0621.0001/input/input4
[    6.010800] hid-generic 0006:045E:0621.0001: input: <UNKNOWN> HID v0.01 Mouse [Microsoft Vmbus HID-compliant Mouse] on 
[    6.070590] hv_utils: Shutdown IC version 3.0
[    6.097347] hv_utils: TimeSync IC version 4.0
[    6.126494] hv_utils: VSS IC version 5.0
Begin: Loading essential drivers ... [    7.344010] raid6: sse2x1   gen()  8791 MB/s
[    7.416006] raid6: sse2x1   xor()  6279 MB/s
[    7.484007] raid6: sse2x2   gen() 10420 MB/s
[    7.556005] raid6: sse2x2   xor()  6919 MB/s
[    7.624006] raid6: sse2x4   gen() 11958 MB/s
[    7.692009] raid6: sse2x4   xor()  8055 MB/s
[    7.760006] raid6: avx2x1   gen() 16186 MB/s
[    7.828005] raid6: avx2x1   xor() 11798 MB/s
[    7.896005] raid6: avx2x2   gen() 19997 MB/s
[    7.968539] raid6: avx2x2   xor() 12367 MB/s
[    8.040007] raid6: avx2x4   gen() 21304 MB/s
[    8.112543] raid6: avx2x4   xor() 13160 MB/s
[    8.137245] raid6: using algorithm avx2x4 gen() 21304 MB/s
[    8.171710] raid6: .... xor() 13160 MB/s, rmw enabled
[    8.201030] raid6: using avx2x2 recovery algorithm
[    8.228921] xor: automatically using best checksumming function   avx       
[    8.275384] async_tx: api initialized (async)
done.
Begin: Running /scripts/init-premount ... done.
Begin: Mounting root file system ... Begin: Running /scripts/local-top ... done.
Begin: Running /scripts/local-premount ... [    8.431838] Btrfs loaded, crc32c=crc32c-intel
Scanning for Btrfs filesystems
done.
Warning: fsck not present, so skipping root file system
[    8.640405] EXT4-fs (sda1): mounted filesystem with ordered data mode. Opts: (null)
done.
Begin: Running /scripts/local-bottom ... done.
Begin: Running /scripts/init-bottom ... done.
[   10.496350] systemd[1]: systemd 229 running in system mode. (+PAM +AUDIT +SELINUX +IMA +APPARMOR +SMACK +SYSVINIT +UTMP +LIBCRYPTSETUP +GCRYPT +GNUTLS +ACL +XZ -LZ4 +SECCOMP +BLKID +ELFUTILS +KMOD -IDN)
[   10.614221] systemd[1]: Detected virtualization microsoft.
[   10.647244] systemd[1]: Detected architecture x86-64.

Welcome to [1mUbuntu 16.04.5 LTS[0m!

[   10.731738] systemd[1]: Set hostname to <ubuntu>.
[   10.786794] systemd[1]: Initializing machine ID from random generator.
[   10.826360] systemd[1]: Installed transient /etc/machine-id file.
[   12.137063] systemd[1]: Created slice System Slice.
[[0;32m  OK  [0m] Created slice System Slice.
[   12.202027] systemd[1]: Reached target Encrypted Volumes.
[[0;32m  OK  [0m] Reached target Encrypted Volumes.
[   12.265911] systemd[1]: Started Forward Password Requests to Wall Directory Watch.
[[0;32m  OK  [0m] Started Forward Password Requests to Wall Directory Watch.
[   12.356320] systemd[1]: Listening on /dev/initctl Compatibility Named Pipe.
[[0;32m  OK  [0m] Listening on /dev/initctl Compatibility Named Pipe.
[[0;32m  OK  [0m] Listening on udev Control Socket.
[[0;32m  OK  [0m] Reached target User and Group Name Lookups.
[[0;32m  OK  [0m] Listening on udev Kernel Socket.
[[0;32m  OK  [0m] Set up automount Arbitrary Executab...ats File System Automount Point.
[[0;32m  OK  [0m] Created slice system-serial\x2dgetty.slice.
[[0;32m  OK  [0m] Listening on Syslog Socket.
[[0;32m  OK  [0m] Listening on Device-mapper event daemon FIFOs.
[[0;32m  OK  [0m] Started Trigger resolvconf update for networkd DNS.
[[0;32m  OK  [0m] Created slice User and Session Slice.
[[0;32m  OK  [0m] Reached target Slices.
[[0;32m  OK  [0m] Listening on LVM2 poll daemon socket.
[[0;32m  OK  [0m] Listening on Journal Socket (/dev/log).
[[0;32m  OK  [0m] Reached target Swap.
[[0;32m  OK  [0m] Listening on Journal Socket.
         Starting Load Kernel Modules...
         Starting Uncomplicated firewall...
         Starting Remount Root and Kernel File Systems...
         [   13.046535] Loading iSCSI transport class v2.0-870.
Mounting POSIX Message Queue File System...
         [   13.114365] EXT4-fs (sda1): re-mounted. Opts: discard
Mounting Debug File System...
         Mounting Huge Pages File System...
         Starting Nameserver information manager...
[[   13.233045] iscsi: registered transport (tcp)
[0;32m  OK  [0m] Listening on LVM2 metadata daemon socket.
         Starting Monitoring of LVM2 mirrors... dmeventd or progress polling...[   13.337821] iscsi: registered transport (iser)

         Starting Create list of required st... nodes for the current kernel...
[[0;32m  OK  [0m] Listening on Journal Audit Socket.
         Starting Journal Service...
         Starting Set console keymap...
[[0;32m  OK  [0m] Mounted POSIX Message Queue File System.
[[0;32m  OK  [0m] Mounted Huge Pages File System.
[[0;32m  OK  [0m] Mounted Debug File System.
[[0;32m  OK  [0m] Started Load Kernel Modules.
[[0;32m  OK  [0m] Started Uncomplicated firewall.
[[0;32m  OK  [0m] Started Remount Root and Kernel File Systems.
[[0;32m  OK  [0m] Started Create list of required sta...ce nodes for the current kernel.
[[0;32m  OK  [0m] Started Set console keymap.
[[0;32m  OK  [0m] Started Nameserver information manager.
[[0;32m  OK  [0m] Started Journal Service.
[[0;32m  OK  [0m] Started LVM2 metadata daemon.
         Starting Create Static Device Nodes in /dev...
         Starting Flush Journal to Persistent Storage...
         Starting udev Coldplug all Devices...
         Starting Load/Save Random Seed...
         Mounting FUSE Control File System...
         Mounting Configuration File System...
         Starting Apply Kernel Variables...
[[0;32m  OK  [0m] Mounted Configuration File System.
[[0;32m  OK  [0m] Mounted FUSE Control File System.
[[0;32m  OK  [0m] Started Monitoring of LVM2 mirrors,...ng dmeventd or progress polling.
[[0;32m  OK  [0m] Started Create Static Device Nodes in /dev.
[[0;32m  OK  [0m] Started Load/Save Random Seed.
[[0;32m  OK  [0m] Started Apply Kernel Variables.
[[0;32m  OK  [0m] Started udev Coldplug all Devices.
         Starting udev Kernel Device Manager...
[[0;32m  OK  [0m] Started Flush Journal to Persistent Storage.
[[0;32m  OK  [0m] Started udev Kernel Device Manager.
[[0;32m  OK  [0m] Started Dispatch Password Requests to Console Directory Watch.
[[0;32m  OK  [0m] Reached target Local File Systems (Pre).
[[0;32m  OK  [0m] Reached target Local File Systems.
         Starting Set console font and keymap...
         Starting Commit a transient machine-id on disk...
         Starting LSB: AppArmor initialization...
         Starting Initial cloud-init job (pre-networking)...
         Starting Create Volatile Files and Directories...
         Starting Tell Plymouth To Write Out Runtime Data...
[[0;32m  OK  [0m] Started Commit a transient machine-id on disk.
[[0;32m  OK  [0m] Found device /dev/ttyS0.
[[0;32m  OK  [0m] Started Create Volatile Files and Directories.
[[0;32m  OK  [0m] Started Tell Plymouth To Write Out Runtime Data.
[[0;32m  OK  [0m] Listening on Load/Save RF Kill Switch Status /dev/rfkill Watch.
         Starting Network Time Synchronization...
         Starting Update UTMP about System Boot/Shutdown...
[[0;32m  OK  [0m] Started Network Time Synchronization.
[[0;32m  OK  [0m] Started Set console font and keymap.
[[0;32m  OK  [0m] Started Update UTMP about System Boot/Shutdown.
[[0;32m  OK  [0m] Created slice system-getty.slice.
[[0;32m  OK  [0m] Reached target System Time Synchronized.
[[0;32m  OK  [0m] Started LSB: AppArmor initialization.
[   20.068359] cloud-init[502]: Cloud-init v. 18.2 running 'init-local' at Sun, 05 Aug 2018 08:44:30 +0000. Up 19.52 seconds.[[0;32m  OK  [0m
] Started Initial cloud-init job (pre-networking).
[[0;32m  OK  [0m] Reached target Network (Pre).
         Starting Raise network interfaces...
[[0;32m  OK  [0m] Started Raise network interfaces.
[[0;32m  OK  [0m] Reached target Network.
         Starting Initial cloud-init job (metadata service crawler)...
[[0;32m  OK  [0m] Started Azure Linux Agent.
2018/08/05 08:44:33.634732 INFO Azure Linux Agent Version:2.2.20
2018/08/05 08:44:33.656641 INFO OS: ubuntu 16.04
2018/08/05 08:44:33.673029 INFO Python: 3.5.2
2018/08/05 08:44:33.690289 INFO Run daemon
2018/08/05 08:44:33.706763 INFO Clean protocol
2018/08/05 08:44:33.723015 INFO Running CloudInit provisioning handler
2018/08/05 08:44:33.752951 INFO Detect protocol endpoints
2018/08/05 08:44:33.771584 INFO Clean protocol
2018/08/05 08:44:33.793370 INFO WireServer endpoint is not found. Rerun dhcp handler
2018/08/05 08:44:33.825515 INFO Test for route to 168.63.129.16
2018/08/05 08:44:33.848776 INFO Route to 168.63.129.16 exists
2018/08/05 08:44:33.870569 INFO Wire server endpoint:168.63.129.16
2018/08/05 08:44:33.913729 INFO Fabric preferred wire protocol version:2015-04-05
2018/08/05 08:44:33.953715 INFO Wire protocol version:2012-11-30
2018/08/05 08:44:33.975392 WARNING Server preferred version:2015-04-05
2018/08/05 08:44:34.141496 INFO Waiting for ssh host key be generated at /etc/ssh/ssh_host_rsa_key.pub [1800 attempts remaining, sleeping 1s]
2018/08/05 08:44:35.199648 INFO Waiting for ssh host key be generated at /etc/ssh/ssh_host_rsa_key.pub [1799 attempts remaining, sleeping 1s]
2018/08/05 08:44:36.444961 INFO Waiting for ssh host key be generated at /etc/ssh/ssh_host_rsa_key.pub [1798 attempts remaining, sleeping 1s]
2018/08/05 08:44:37.501771 INFO Waiting for ssh host key be generated at /etc/ssh/ssh_host_rsa_key.pub [1797 attempts remaining, sleeping 1s]
2018/08/05 08:44:38.558152 INFO Waiting for ssh host key be generated at /etc/ssh/ssh_host_rsa_key.pub [1796 attempts remaining, sleeping 1s]
[   28.407264] cloud-init[999]: Cloud-init v. 18.2 running 'init' at Sun, 05 Aug 2018 08:44:32 +0000. Up 21.62 seconds.[[0;32m  OK  [0m
[   28.509406] ] Started Initial cloud-init job (metadata service crawler).cloud-init[999]: ci-info: ++++++++++++++++++++++++++++++++++++++Net device info++++++++++++++++++++++++++++++++++++++
[[0;32m  OK  [0m] Reached target Network is Online.
2018/08/05 08:44:39.620831 INFO ssh host key found at: /etc/ssh/ssh_host_rsa_key.pub

[   28.652384]          Starting iSCSI initiator daemon (iscsid)...cloud-init2018/08/05 08:44:39.706079 INFO Thumbprint obtained from : /etc/ssh/ssh_host_rsa_key.pub

[999]: [[0;32m  OK  [0mci-info: +--------+------+-----------------------------+---------------+-------+-------------------+] Reached target Cloud-config availability.
[[0;32m  OK  [0m] Reached target System Initialization.2018/08/05 08:44:39.860259 INFO Finished provisioning

         
Starting LXD - unix socket.[   28.916240] cloud-init
[999]: [ci-info: | Device |  Up  |           Address           |      Mask     | Scope |     Hw-Address    |[0;32m  OK  [0m] Started Daily Cleanup of Temporary Directories.

[   29.022762] cloud-init[999]: [[0;32m  OK  [0mci-info: +--------+------+-----------------------------+---------------+-------+-------------------+
[   29.050765] cloud-init[999]: ci-info: |  eth0  | True |           10.0.1.4          | 255.255.255.0 |   .   | 00:0d:3a:1f:17:42 |
[   29.050815] cloud-init[999]: ci-info: |  eth0  | True | fe80::20d:3aff:fe1f:1742/64 |       .       |  link | 00:0d:3a:1f:17:42 |
[   29.050873] cloud-init[999]: ci-info: |   lo   | True |          127.0.0.1          |   255.0.0.0   |   .   |         .         |
[   29.050909] cloud-init[999]: ci-info: |   lo   | True |           ::1/128           |       .       |  host |         .         |
[   29.050953] cloud-init[999]: ci-info: +--------+------+-----------------------------+---------------+-------+-------------------+
[   29.050989] cloud-init[999]: ci-info: ++++++++++++++++++++++++++++++Route IPv4 info+++++++++++++++++++++++++++++++
[   29.051024] cloud-init[999]: ci-info: +-------+-----------------+----------+-----------------+-----------+-------+
[   29.051064] cloud-init[999]: ci-info: | Route |   Destination   | Gateway  |     Genmask     | Interface | Flags |
[   29.051101] cloud-init[999]: ci-info: +-------+-----------------+----------+-----------------+-----------+-------+
[   29.051135] cloud-init[999]: ci-info: |   0   |     0.0.0.0     | 10.0.1.1 |     0.0.0.0     |    eth0   |   UG  |
[   29.051171] cloud-init[999]: ci-info: |   1   |     10.0.1.0    | 0.0.0.0  |  255.255.255.0  |    eth0   |   U   |
[   29.051208] cloud-init[999]: ci-info: |   2   |  168.63.129.16  | 10.0.1.1 | 255.255.255.255 |    eth0   |  UGH  |
[   29.051244] cloud-init[999]: ci-info: |   3   | 169.254.169.254 | 10.0.1.1 | 255.255.255.255 |    eth0   |  UGH  |
[   29.051296] cloud-init[999]: ci-info: +-------+-----------------+----------+-----------------+-----------+-------+
[   29.051646] cloud-init[999]: Generating public/private rsa key pair.
[   29.051695] cloud-init[999]: Your identification has been saved in /etc/ssh/ssh_host_rsa_key.
[   29.051733] cloud-init[999]: Your public key has been saved in /etc/ssh/ssh_host_rsa_key.pub.
[   29.051770] cloud-init[999]: The key fingerprint is:
[   29.051809] cloud-init[999]: SHA256:75x2fCCaZhnrRMbeVb2ktBfKHoLXzPJBQ/HEOIgaCfE root@monex1-vm1
[   29.051846] cloud-init[999]: The key's randomart image is:
[   29.051924] cloud-init[999]: +---[RSA 2048]----+
[   29.051963] cloud-init[999]: |     oo . . .o+. |
[   29.052017] cloud-init[999]: |      .o . ..ooo |
[   29.052067] cloud-init[999]: |       Eo    +o+.|
[   29.052101] cloud-init[999]: |       o  . B.* o|
[   29.052139] cloud-init[999]: |        S. +.@ o |
[   29.052172] cloud-init[999]: |       +.oo.* +  |
[   29.052210] cloud-init[999]: |        o*oo +   |
[   29.052247] cloud-init[999]: |       .Bo..o .  |
[   29.052299] cloud-init[999]: |       +..+. .   |
[   29.052337] cloud-init[999]: +----[SHA256]-----+
[   29.052373] cloud-init[999]: Generating public/private dsa key pair.
[   29.052407] cloud-init[999]: Your identification has been saved in /etc/ssh/ssh_host_dsa_key.
[   29.052447] cloud-init[999]: Your public key has been saved in /etc/ssh/ssh_host_dsa_key.pub.
[   29.052482] cloud-init[999]: The key fingerprint is:
[   29.052586] cloud-init[999]: SHA256:Ne83AMqCzCj76ZfT1tHHAJRypl6KwgGyEabeJplEpjU root@monex1-vm1
[   29.052631] cloud-init[999]: The key's randomart image is:
[   29.052670] cloud-init[999]: +---[DSA 1024]----+
[   29.052713] cloud-init[999]: |.=E    ...       |
[   29.052753] cloud-init[999]: |X. .  . =        |
[   29.052789] cloud-init[999]: |+=     = .+      |
[   29.052831] cloud-init[999]: |+ =+ ....o.+     |
[   29.052882] cloud-init[999]: |.*.++o.oS. oo    |
[   29.052918] cloud-init[999]: | o= . o.. ..o.   |
[   29.052956] cloud-init[999]: |.  . o . . .. o  |
[   29.052992] cloud-init[999]: | . .+ o .    . . |
[   29.053034] cloud-init[999]: | .+. o           |
[   29.053071] cloud-init[999]: +----[SHA256]-----+
[   29.053104] cloud-init[999]: Generating public/private ecdsa key pair.
[   29.053143] cloud-init[999]: Your identification has been saved in /etc/ssh/ssh_host_ecdsa_key.] Started ACPI Events Check.
[   30.240568] 
cloud-init[[0;32m  OK  [0m[999]: Your public key has been saved in /etc/ssh/ssh_host_ecdsa_key.pub.] Reached target Paths.
[
[   30.307742] [0;32m  OK  [0m] cloud-initListening on D-Bus System Message Bus Socket.[999]: The key fingerprint is:

[[0;32m  OK  [0m[   30.370089] cloud-init] Listening on ACPID Listen Socket.[999]: SHA256:U3icqZhgAIEjkS6lkKVOUW1M26iesfXrSe77w/aiEYg root@monex1-vm1
[[0;32m  OK  [0m] Started Daily apt download activities.
[   30.446275] cloud-init
[999]: The key's randomart image is:[[0;32m  OK  [0m] 
Started Daily apt upgrade and clean activities.[   30.503789] cloud-init[999]: +---[ECDSA 256]---+
[[0;32m  OK  [0m
[   30.540751] ] Reached target Timers.cloud-init
         [999]: Starting Socket activation for snappy daemon.|=O+.+.           |

[[0;32m  OK  [0m[   30.618111] cloud-init[999]: ] Listening on UUID daemon activation socket.|B.o. ++  o o     |
[   30.657785] 
cloud-init[999]: |==  +o .. *      |[[0;32m  OK  [0m
[   30.705922] ] Listening on LXD - unix socket.cloud-init[999]: 
[|=. .o..o +       |[0;32m  OK  [0m
[   30.768229] ] Listening on Socket activation for snappy daemon.cloud-init[999]: |.. E oo.S        |
[
[0;32m  OK  [0m[   30.846675] ] cloud-initStarted iSCSI initiator daemon (iscsid).[999]: |  . = . ..       |

[   30.908337]          Starting Login to default iSCSI targets...cloud-init[999]: 
[|   +   +.        |[0;32m  OK  [0m
] Reached target Sockets.[   31.001811] cloud-init
[[999]: |      o +=       |[0;32m  OK  [0m
] Reached target Basic System.[   31.068491] cloud-init
[999]: [|      oO=.+.     |[0;32m  OK  [0m] Started Deferred execution scheduler.
[   31.146451] 
         cloud-init[999]: Starting System Logging Service...+----[SHA256]-----+

         [   31.220912] Starting Accounts Service...cloud-init
[999]: [[0;32m  OK  [0m] Generating public/private ed25519 key pair.Started Hyper-V KVP Protocol Daemon.
         
[   31.352212] Starting Pollinate to seed the pseudo random number generator...cloud-init
[999]: [[0;32m  OK  [0mYour identification has been saved in /etc/ssh/ssh_host_ed25519_key.] Started Unattended Upgrades Shutdown.

[[0;32m  OK  [0m[   31.512067] ] Started Name Service Cache Daemon.cloud-init[999]: 
Your public key has been saved in /etc/ssh/ssh_host_ed25519_key.pub.[[0;32m  OK  [0m] Started D-Bus System Message Bus.

[   31.618594] cloud-init[999]: The key fingerprint is:
[   31.648403] cloud-init[999]: SHA256:uYLY7T4zqzIws6JIsRNgBFfiIEBc0cB1K/YY6hPt/J4 root@monex1-vm1
[   31.692979] cloud-init[999]: The key's randomart image is:
[   31.722002] cloud-init[999]: +--[ED25519 256]--+
[   31.748988] cloud-init[999]: |Xo==*. .         |
[   31.776583] cloud-init[999]: |o= o .. .        |
[   31.815463] cloud-init[999]: |...  + .         |
[   31.855092] cloud-init[999]: |o   + =  .       |
[   31.894553] cloud-init[999]: | o o o .S        |[[0;32m  OK  [0m
] Started Hyper-V VSS Protocol Daemon.[   31.976083] 
[[0;32m  OK  [0mcloud-init] Started FUSE filesystem for LXC.[999]: |+ =o+o   .       |

[   32.053573] cloud-init[999]: | O.oooo .        |
         Starting Snappy daemon...[   32.111003] 
cloud-init         [999]: Starting LXD - container startup/shutdown...|= + ..=..        |

[[0;32m  OK  [0m] Started Hyper-V File Copy Protocol Daemon.[   32.212293] 
cloud-init         Starting /etc/rc.local Compatibility...[999]: |=  o.o=E         |
         
Starting LSB: MD monitoring daemon...[   32.310813] 
         Starting Apply the settings specified in cloud-config...cloud-init
[999]: [[0;32m  OK  [0m+----[SHA256]-----+] Started Regular background program processing daemon.
         
Starting LSB: Record successful boot for GRUB...
[[0;32m  OK  [0m] Started ACPI event daemon.
         Starting Login Service...
[[0;32m  OK  [0m] Started System Logging Service.
[[0;32m  OK  [0m] Started /etc/rc.local Compatibility.
         Starting Authenticate and Authorize Users to Run Privileged Tasks...
[[0;32m  OK  [0m] Started Login Service.
[[0;32m  OK  [0m] Started LSB: MD monitoring daemon.
[[0;32m  OK  [0m] Started Authenticate and Authorize Users to Run Privileged Tasks.
[[0;32m  OK  [0m] Started LSB: Record successful boot for GRUB.
[[0;32m  OK  [0m] Started Login to default iSCSI targets.
[[0;32m  OK  [0m] Started Accounts Service.
[[0;32m  OK  [0m] Reached target Remote File Systems (Pre).
[[0;32m  OK  [0m] Reached target Remote File Systems.
         Starting LSB: daemon to balance interrupts for SMP systems...
         Starting LSB: Set the CPU Frequency Scaling governor to "ondemand"...
         Starting LSB: automatic crash report generation...
         Starting Permit User Sessions...
[[0;32m  OK  [0m] Started Permit User Sessions.[   33.848694] 
         Starting Hold until boot process finishes up...
         Starting Terminate Plymouth Boot Screen...cloud-init
[[1466]: [0;32m  OK  [0mGenerating locales (this might take a while)...] Started Pollinate to seed the pseudo random number generator.

[[0;32m  OK  [0m] Started LSB: daemon to balance interrupts for SMP systems.
[[0;32m  OK  [0m] Started LSB: Set the CPU Frequency Scaling governor to "ondemand".
[[0;32m  OK  [0m] Started Hold until boot process finishes up.
[[0;32m  OK  [0m] Started LXD - container startup/shutdown.
[[0;32m  OK  [0m] Started Terminate Plymouth Boot Screen.
[[0;32m  OK  [0m] Started Serial Getty on ttyS0.
         Starting Set console scheme...
[[0;32m  OK  [0m] Started Getty on tty1.
[[0;32m  OK  [0m] Reached target Login Prompts.
         Starting OpenBSD Secure Shell server...
[[0;32m  OK  [0m] Started Snappy daemon.
[[0;32m  OK  [0m] Started LSB: automatic crash report generation.
[[0;32m  OK  [0m] Started Set console scheme.
[[0;32m  OK  [0m] Started OpenBSD Secure Shell server.
         Starting Wait until snapd is fully seeded...
[   35.802657] cloud-init[1466]:   en_US.UTF-8... done
[   35.840249] cloud-init[1466]: Generation complete.
         Stopping OpenBSD Secure Shell server...
[[0;32m  OK  [0m] Stopped OpenBSD Secure Shell server.
         Starting OpenBSD Secure Shell server...
[[0;32m  OK  [0m] Started OpenBSD Secure Shell server.
[[0;32m  OK  [0m] Started Wait until snapd is fully seeded.
[   37.996767] cloud-init[1466]: Cloud-init v. 18.2 running 'modules:config' at Sun, 05 Aug 2018 08:44:44 +0000. Up 33.14 seconds.[
[0;32m  OK  [0m] Started Apply the settings specified in cloud-config.
         Starting Write warning to Azure ephemeral disk...
[[0;32m  OK  [0m] Started Write warning to Azure ephemeral disk.
[[0;32m  OK  [0m] Reached target Multi-User System.
         Starting Execute cloud user/final scripts...
[[0;32m  OK  [0m] Reached target Graphical Interface.
         Starting Update UTMP about System Runlevel Changes...
[[0;32m  OK  [0m] Started Update UTMP about System Runlevel Changes.
ci-info: no authorized ssh keys fingerprints found for user n0s0098.
<14>Aug  5 08:44:50 ec2: 
<14>Aug  5 08:44:50 ec2: #############################################################
<14>Aug  5 08:44:50 ec2: -----BEGIN SSH HOST KEY FINGERPRINTS-----
<14>Aug  5 08:44:50 ec2: 1024 SHA256:Ne83AMqCzCj76ZfT1tHHAJRypl6KwgGyEabeJplEpjU root@monex1-vm1 (DSA)
<14>Aug  5 08:44:50 ec2: 256 SHA256:U3icqZhgAIEjkS6lkKVOUW1M26iesfXrSe77w/aiEYg root@monex1-vm1 (ECDSA)
<14>Aug  5 08:44:50 ec2: 256 SHA256:uYLY7T4zqzIws6JIsRNgBFfiIEBc0cB1K/YY6hPt/J4 root@monex1-vm1 (ED25519)
<14>Aug  5 08:44:50 ec2: 2048 SHA256:75x2fCCaZhnrRMbeVb2ktBfKHoLXzPJBQ/HEOIgaCfE root@monex1-vm1 (RSA)
<14>Aug  5 08:44:50 ec2: -----END SSH HOST KEY FINGERPRINTS-----
<14>Aug  5 08:44:50 ec2: #############################################################
-----BEGIN SSH HOST KEY KEYS-----
ecdsa-sha2-nistp256 AAAAE2VjZHNhLXNoYTItbmlzdHAyNTYAAAAIbmlzdHAyNTYAAABBBAIJe3ZNzynLfjKoO5kc1sLPnmXiUd+q5t0zuqHnr9C/EqXpGw0uM0Cm4ZLa53SYk5ZPY+WPowWAQ5dGa+DzKKw= root@monex1-vm1
ssh-ed25519 AAAAC3NzaC1lZDI1NTE5AAAAIFJLv7VqzFjmZ+Dj2dTPVxJ92fITrcpvX4oSx1wZBPnz root@monex1-vm1
ssh-rsa AAAAB3NzaC1yc2EAAAADAQABAAABAQDh3jSIDGwIzGg3PDNDB+gJleJ0C1g+EumPNbdKdD+mX+54p65jkx27ElHj7HKvkSulDTSo3PA/2w9ucnCr91vuMyZqC4+CcF9GIQQM2YxWKqcbn86O34mWdaWN8ZSMMgAEe+elRGKkDX5YDPOEi1Iviudr3hqmtzaMQGZ3hDytCpDuacVWCva2SS+CcPJuvQygauHwA5NN1QzfuOiRjfeL2a0clDr8CLdX7W+CLM3cBqL7r15GF5+mMb2gnsK0L6TGA3KCHlTS1sRCcqu9HL5avnUhMOLotyWLeOgO6AD13bjlpZchchyxcdH2/s84Y98DMqx5f9Eeq7eVUvFfMhXt root@monex1-vm1
-----END SSH HOST KEY KEYS-----
[   39.466567] cloud-init[1964]: Cloud-init v. 18.2 running 'modules:final' at Sun, 05 Aug 2018 08:44:49 +0000. Up 38.75 seconds.[[0;32m  OK  [0m
] [   39.560022] Started Execute cloud user/final scripts.cloud-init[1964]: 
ci-info: no authorized ssh keys fingerprints found for user n0s0098.[[0;32m  OK  [0m] Reached target Cloud-init target.

[   39.683166] cloud-init[1964]: Cloud-init v. 18.2 finished at Sun, 05 Aug 2018 08:44:50 +0000. Datasource DataSourceAzure [seed=/dev/sr0].  Up 39.45 seconds

Ubuntu 16.04.5 LTS monex1-vm1 ttyS0

monex1-vm1 login: 2018/08/05 08:45:19.941002 INFO Event: name=WALinuxAgent, op=Provision, message=Provision succeed, duration=46217
2018/08/05 08:45:19.986119 INFO RDMA capabilities are not enabled, skipping
2018/08/05 08:45:20.020124 INFO Installed Agent WALinuxAgent-2.2.20 is the most current agent
2018/08/05 08:45:20.194411 INFO Agent WALinuxAgent-2.2.20 is running as the goal state agent
2018/08/05 08:45:20.238404 INFO Wire server endpoint:168.63.129.16
2018/08/05 08:45:20.274317 INFO Start env monitor service.
2018/08/05 08:45:20.302825 INFO Configure routes
2018/08/05 08:45:20.323312 INFO Gateway:None
2018/08/05 08:45:20.343041 INFO Routes:None
2018/08/05 08:45:20.362103 WARNING Hostname record does not exist, creating [/var/lib/waagent/published_hostname] with hostname [monex1-vm1]
2018/08/05 08:45:20.426025 INFO WALinuxAgent-2.2.20 running as process 2059
2018/08/05 08:45:20.451869 INFO Wire server endpoint:168.63.129.16
2018/08/05 08:45:20.478853 INFO Event: name=WALinuxAgent, op=Partition, message=47, duration=0
2018/08/05 08:45:20.532057 INFO Event: name=WALinuxAgent, op=AutoUpdate, message=, duration=0
2018/08/05 08:45:20.572557 INFO Wire server endpoint:168.63.129.16
2018/08/05 08:45:20.601381 INFO Event: name=WALinuxAgent, op=HeartBeat, message=1;0;E205CB11-3734-4E68-AE5F-2818412854F1;0, duration=0
2018/08/05 08:45:20.725947 INFO Successfully added Azure fabric firewall rules
2018/08/05 08:45:20.777911 INFO Firewall rules:
Chain INPUT (policy ACCEPT 5 packets, 8209 bytes)
    pkts      bytes target     prot opt in     out     source               destination         

Chain FORWARD (policy ACCEPT 0 packets, 0 bytes)
    pkts      bytes target     prot opt in     out     source               destination         

Chain OUTPUT (policy ACCEPT 8 packets, 828 bytes)
    pkts      bytes target     prot opt in     out     source               destination         
       0        0 ACCEPT     tcp  --  *      *       0.0.0.0/0            168.63.129.16        owner UID match 0
       0        0 ACCEPT     tcp  --  *      *       0.0.0.0/0            168.63.129.16        ctstate INVALID,NEW

2018/08/05 08:45:21.071137 INFO Event: name=WALinuxAgent, op=Install, message=Agent WALinuxAgent-2.2.20 downloaded successfully, duration=0
2018/08/05 08:45:21.173988 INFO Event: name=WALinuxAgent, op=Firewall, message=, duration=0
2018/08/05 08:45:21.223428 INFO Set block dev timeout: sdb with timeout: 300
2018/08/05 08:45:21.254391 INFO Set block dev timeout: sda with timeout: 300
2018/08/05 08:45:21.286230 INFO Purging disk cache, current incarnation is 1
2018/08/05 08:45:21.330110 INFO Event: name=WALinuxAgent, op=Install, message=Agent WALinuxAgent-2.2.25 downloaded successfully, duration=0
2018/08/05 08:45:21.414575 INFO Event: name=WALinuxAgent, op=Install, message=Agent WALinuxAgent-2.2.26 downloaded successfully, duration=0
2018/08/05 08:45:21.465560 INFO Agent WALinuxAgent-2.2.20 discovered update WALinuxAgent-2.2.26 -- exiting
2018/08/05 08:45:22.068339 INFO Agent WALinuxAgent-2.2.20 launched with command 'python3 -u /usr/sbin/waagent -run-exthandlers' is successfully running
2018/08/05 08:45:22.132878 INFO Event: name=WALinuxAgent, op=Enable, message=Agent WALinuxAgent-2.2.20 launched with command 'python3 -u /usr/sbin/waagent -run-exthandlers' is successfully running, duration=0
2018/08/05 08:45:22.225484 INFO Determined Agent WALinuxAgent-2.2.26 to be the latest agent
2018/08/05 08:45:22.532889 INFO Agent WALinuxAgent-2.2.26 is running as the goal state agent
2018/08/05 08:45:22.578252 INFO Wire server endpoint:168.63.129.16
2018/08/05 08:45:22.612320 INFO Start env monitor service.
2018/08/05 08:45:22.647502 INFO Configure routes
2018/08/05 08:45:22.669723 INFO Gateway:None
2018/08/05 08:45:22.688819 INFO Routes:None
2018/08/05 08:45:22.712792 INFO WALinuxAgent-2.2.26 running as process 2100
2018/08/05 08:45:22.739442 INFO Wire server endpoint:168.63.129.16
2018/08/05 08:45:22.769929 INFO Event: name=WALinuxAgent, op=AutoUpdate, message=, duration=0
2018/08/05 08:45:22.821510 INFO Wire server endpoint:168.63.129.16
2018/08/05 08:45:22.854718 INFO Successfully added Azure fabric firewall rules
2018/08/05 08:45:22.896939 INFO Firewall rules:
Chain INPUT (policy ACCEPT 3 packets, 2231 bytes)
    pkts      bytes target     prot opt in     out     source               destination         

Chain FORWARD (policy ACCEPT 0 packets, 0 bytes)
    pkts      bytes target     prot opt in     out     source               destination         

Chain OUTPUT (policy ACCEPT 2 packets, 176 bytes)
    pkts      bytes target     prot opt in     out     source               destination         
       5      433 ACCEPT     tcp  --  *      *       0.0.0.0/0            168.63.129.16        owner UID match 0
       0        0 DROP       tcp  --  *      *       0.0.0.0/0            168.63.129.16        ctstate INVALID,NEW

2018/08/05 08:45:23.000116 INFO Wire server endpoint:168.63.129.16
2018/08/05 08:45:23.205468 INFO Purging disk cache, current incarnation is 1
2018/08/05 08:45:23.303244 INFO Event: name=WALinuxAgent, op=ProcessGoalState, message=Incarnation 1, duration=303
2018/08/05 08:45:41.645521 INFO [Microsoft.OSTCExtensions.LinuxDiagnostic-2.3.9029] Target handler state: enabled
2018/08/05 08:45:41.691954 INFO [Microsoft.OSTCExtensions.LinuxDiagnostic-2.3.9029] [Enable] current handler state is: notinstalled
2018/08/05 08:45:42.579630 INFO Event: name=Microsoft.OSTCExtensions.LinuxDiagnostic, op=Download, message=Download succeeded, duration=838
2018/08/05 08:45:42.632996 INFO [Microsoft.OSTCExtensions.LinuxDiagnostic-2.3.9029] Initialize extension directory
2018/08/05 08:45:42.834682 INFO [Microsoft.OSTCExtensions.LinuxDiagnostic-2.3.9029] Update settings file: 0.settings
2018/08/05 08:45:42.879050 INFO [Microsoft.OSTCExtensions.LinuxDiagnostic-2.3.9029] Install extension [diagnostic.py -install]
2018/08/05 08:45:45.929566 INFO Event: name=Microsoft.OSTCExtensions.LinuxDiagnostic, op=Install, message=Launch command succeeded: diagnostic.py -install, duration=3004
2018/08/05 08:45:46.030760 INFO [Microsoft.OSTCExtensions.LinuxDiagnostic-2.3.9029] Enable extension [diagnostic.py -enable]
2018/08/05 08:45:47.077557 INFO Event: name=Microsoft.OSTCExtensions.LinuxDiagnostic, op=Enable, message=Launch command succeeded: diagnostic.py -enable, duration=1001
2018/08/05 08:45:47.236603 INFO Event: name=WALinuxAgent, op=ProcessGoalState, message=Incarnation 2, duration=5678
2018/08/05 08:46:30.497579 INFO [Microsoft.OSTCExtensions.CustomScriptForLinux-1.5.2.2] Target handler state: enabled
2018/08/05 08:46:30.541562 INFO [Microsoft.OSTCExtensions.CustomScriptForLinux-1.5.2.2] [Enable] current handler state is: notinstalled
2018/08/05 08:46:30.725166 INFO Event: name=Microsoft.OSTCExtensions.CustomScriptForLinux, op=Download, message=Download succeeded, duration=78
2018/08/05 08:46:30.784148 INFO [Microsoft.OSTCExtensions.CustomScriptForLinux-1.5.2.2] Initialize extension directory
2018/08/05 08:46:30.831037 INFO [Microsoft.OSTCExtensions.CustomScriptForLinux-1.5.2.2] Update settings file: 0.settings
2018/08/05 08:46:30.882032 INFO [Microsoft.OSTCExtensions.CustomScriptForLinux-1.5.2.2] Install extension [customscript.py -install]
2018/08/05 08:46:31.936836 INFO Event: name=Microsoft.OSTCExtensions.CustomScriptForLinux, op=Install, message=Launch command succeeded: customscript.py -install, duration=1002
2018/08/05 08:46:32.008559 INFO [Microsoft.OSTCExtensions.CustomScriptForLinux-1.5.2.2] Enable extension [customscript.py -enable]
2018/08/05 08:46:33.059287 INFO Event: name=Microsoft.OSTCExtensions.CustomScriptForLinux, op=Enable, message=Launch command succeeded: customscript.py -enable, duration=1002
2018/08/05 08:46:33.157550 INFO [Microsoft.OSTCExtensions.LinuxDiagnostic-2.3.9029] Target handler state: enabled
2018/08/05 08:46:33.202015 INFO [Microsoft.OSTCExtensions.LinuxDiagnostic-2.3.9029] [Enable] current handler state is: enabled
2018/08/05 08:46:33.252068 INFO [Microsoft.OSTCExtensions.LinuxDiagnostic-2.3.9029] Update settings file: 0.settings
2018/08/05 08:46:33.301927 INFO [Microsoft.OSTCExtensions.LinuxDiagnostic-2.3.9029] Enable extension [diagnostic.py -enable]
2018/08/05 08:46:34.356801 INFO Event: name=Microsoft.OSTCExtensions.LinuxDiagnostic, op=Enable, message=Launch command succeeded: diagnostic.py -enable, duration=1002
2018/08/05 08:46:34.480591 INFO Event: name=WALinuxAgent, op=ProcessGoalState, message=Incarnation 3, duration=4204
2018/08/05 09:00:22.952571 INFO Agent WALinuxAgent-2.2.26 launched with command 'python3 -u bin/WALinuxAgent-2.2.26-py2.7.egg -run-exthandlers' is successfully running
2018/08/05 09:00:23.014900 INFO Event: name=WALinuxAgent, op=Enable, message=Agent WALinuxAgent-2.2.26 launched with command 'python3 -u bin/WALinuxAgent-2.2.26-py2.7.egg -run-exthandlers' is successfully running, duration=0

Ubuntu 16.04.5 LTS monex1-vm1 ttyS0

monex1-vm1 login:                                                   